<html>
<body>
<pre>
<h1>µVision Build Log</h1>
<h2>Tool Versions:</h2>
IDE-Version: µVision V5.41.0.0
Copyright (C) 2024 ARM Ltd and ARM Germany GmbH. All rights reserved.
License Information: Miros³aw Baca, AGH University of Science and Technology, LIC=NHYBM-G77K1-HTQED-RS74V-NJ0C2-Q06LW
 
Tool Versions:
Toolchain:       MDK-ARM Professional  Version: 5.41.0.0
Toolchain Path:  C:\Keil_v5\ARM\ARMCLANG\Bin
C Compiler:      ArmClang.exe V6.22
Assembler:       Armasm.exe V6.22
Linker/Locator:  ArmLink.exe V6.22
Library Manager: ArmAr.exe V6.22
Hex Converter:   FromElf.exe V6.22
CPU DLL:         SARMCM3.DLL V5.41.0.0
Dialog DLL:      DARMCM1.DLL V1.19.6.0
Target DLL:      Segger\JL2CM3.dll V2.99.45.0
Dialog DLL:      TARMCM1.DLL V1.14.6.0
 
<h2>Project:</h2>
C:\Users\Qevix\OneDrive - Akademia Górniczo-Hutnicza im. Stanis³awa Staszica w Krakowie\Semestr 5\Design Lab\a.wersja po JPO\cpp_cortex_M0_library.uvprojx
Project File Date:  01/20/2025

<h2>Output:</h2>
*** Using Compiler 'V6.22', folder: 'C:\Keil_v5\ARM\ARMCLANG\Bin'
Build target 'FRDM-KL05ZJ'
Note: source file '.\inc\Uart.hpp' - object file renamed from '.\Objects\Uart.o' to '.\Objects\uart_1.o'.
Note: source file '.\inc\BoardSupport.hpp' - object file renamed from '.\Objects\BoardSupport.o' to '.\Objects\boardsupport_1.o'.
Note: source file '.\inc\CommunicationModuleMCU.hpp' - object file renamed from '.\Objects\CommunicationModuleMCU.o' to '.\Objects\communicationmodulemcu_1.o'.
compiling main.cpp...
compiling Uart.cpp...
compiling CommunicationModuleMCU.cpp...
compiling CommunicationModuleMCU.hpp...
linking...
Program Size: Code=2034 RO-data=234 RW-data=4 ZI-data=1144  
FromELF: creating hex file...
.\Objects\cpp_cortex_M0_library.hex: Warning: Q9931W: Your license for feature Keil will expire in 5 days
Finished: 0 information, 1 warning and 0 error messages.
".\Objects\cpp_cortex_M0_library.axf" - 0 Error(s), 0 Warning(s).

<h2>Software Packages used:</h2>

Package Vendor: ARM
                https://www.keil.com/pack/ARM.CMSIS.6.1.0.pack
                ARM::CMSIS@6.1.0
                CMSIS (Common Microcontroller Software Interface Standard)
   * Component: CORE Version: 6.1.0

Package Vendor: Keil
                https://www.keil.com/pack/Keil.Kinetis_KLxx_DFP.1.15.1.pack
                Keil::Kinetis_KLxx_DFP@1.15.1
                NXP Kinetis KLxx Series Device Support and Examples
   * Component: Startup Version: 1.0.0

<h2>Collection of Component include folders:</h2>
  ./RTE/_FRDM-KL05ZJ
  C:/Users/Qevix/AppData/Local/Arm/Packs/ARM/CMSIS/6.1.0/CMSIS/Core/Include
  C:/Users/Qevix/AppData/Local/Arm/Packs/Keil/Kinetis_KLxx_DFP/1.15.1/Device/Include

<h2>Collection of Component Files used:</h2>

   * Component: ARM::CMSIS:CORE@6.1.0

   * Component: Keil::Device:Startup@1.0.0
      Source file:   Device/Source/ARM/startup_MKL05Z4.s
      Source file:   Device/Source/system_MKL05Z4.c
Build Time Elapsed:  00:00:01
</pre>
</body>
</html>
