Component: Arm Compiler for Embedded 6.22 Tool: armlink [5ee90200]

==============================================================================

Section Cross References

    main.o(.text.main) refers to communicationmodulemcu.o(.text._ZN2mb22CommunicationModuleMCUC2Ev) for mb::CommunicationModuleMCU::CommunicationModuleMCU()
    main.o(.text.main) refers to uart.o(.text._ZN2mb4UartC2EjPNS_22CommunicationModuleMCUE) for mb::Uart::Uart(unsigned int, mb::CommunicationModuleMCU*)
    main.o(.text.main) refers to boardsupport.o(.text._ZN3I2C4initEv) for I2C::init()
    main.o(.text.main) refers to boardsupport.o(.text._Z8LED_initv) for LED_init()
    main.o(.text.main) refers to boardsupport.o(.text._Z8TSI_Initv) for TSI_Init()
    main.o(.text.main) refers to boardsupport.o(.text._Z8ADC_Initv) for ADC_Init()
    main.o(.text.main) refers to communicationmodulemcu.o(.text._ZN2mb22CommunicationModuleMCU4initEv) for mb::CommunicationModuleMCU::init()
    main.o(.text.main) refers to boardsupport.o(.text._Z11setLedColorbbb) for setLedColor(bool, bool, bool)
    main.o(.text.main) refers to communicationmodulemcu.o(.text._ZN2mb22CommunicationModuleMCU7printlnEPKc) for mb::CommunicationModuleMCU::println(char const*)
    main.o(.ARM.exidx.text.main) refers to main.o(.text.main) for [Anonymous Symbol]
    uart.o(.text.UART0_IRQHandler) refers to uart.o(.text._ZN2mb4Uart9handleIRQEv) for mb::Uart::handleIRQ()
    uart.o(.ARM.exidx.text.UART0_IRQHandler) refers to uart.o(.text.UART0_IRQHandler) for [Anonymous Symbol]
    uart.o(.text._ZN2mb4Uart9handleIRQEv) refers to communicationmodulemcu.o(.text._ZN2mb22CommunicationModuleMCU14onCharReceivedEc) for mb::CommunicationModuleMCU::onCharReceived(char)
    uart.o(.text._ZN2mb4Uart9handleIRQEv) refers to uart.o(.bss._ZN2mb4Uart12g_commObjectE) for mb::Uart::g_commObject
    uart.o(.ARM.exidx.text._ZN2mb4Uart9handleIRQEv) refers to uart.o(.text._ZN2mb4Uart9handleIRQEv) for [Anonymous Symbol]
    uart.o(.text._ZN2mb4UartC2Ev) refers to uart.o(.text._ZN2mb4UartC2EjPNS_22CommunicationModuleMCUE) for mb::Uart::Uart__sub_object(unsigned int, mb::CommunicationModuleMCU*)
    uart.o(.ARM.exidx.text._ZN2mb4UartC2Ev) refers to uart.o(.text._ZN2mb4UartC2Ev) for [Anonymous Symbol]
    uart.o(.text._ZN2mb4UartC2EjPNS_22CommunicationModuleMCUE) refers to system_mkl05z4.o(.text.SystemCoreClockUpdate) for SystemCoreClockUpdate
    uart.o(.text._ZN2mb4UartC2EjPNS_22CommunicationModuleMCUE) refers to aeabi_sdiv.o(.text) for __aeabi_uidiv
    uart.o(.text._ZN2mb4UartC2EjPNS_22CommunicationModuleMCUE) refers to uart.o(.bss._ZN2mb4Uart12g_commObjectE) for mb::Uart::g_commObject
    uart.o(.ARM.exidx.text._ZN2mb4UartC2EjPNS_22CommunicationModuleMCUE) refers to uart.o(.text._ZN2mb4UartC2EjPNS_22CommunicationModuleMCUE) for [Anonymous Symbol]
    uart.o(.text._ZN2mb4UartC2ERKS0_) refers to uart.o(.text._ZN2mb4UartC2EjPNS_22CommunicationModuleMCUE) for mb::Uart::Uart__sub_object(unsigned int, mb::CommunicationModuleMCU*)
    uart.o(.text._ZN2mb4UartC2ERKS0_) refers to uart.o(.bss._ZN2mb4Uart12g_commObjectE) for mb::Uart::g_commObject
    uart.o(.ARM.exidx.text._ZN2mb4UartC2ERKS0_) refers to uart.o(.text._ZN2mb4UartC2ERKS0_) for [Anonymous Symbol]
    uart.o(.ARM.exidx.text._ZN2mb4UartD2Ev) refers to uart.o(.text._ZN2mb4UartD2Ev) for [Anonymous Symbol]
    uart.o(.text._ZN2mb4Uart5printEPKc) refers to uart.o(.text._ZN2mb4Uart8sendCharEc) for mb::Uart::sendChar(char)
    uart.o(.ARM.exidx.text._ZN2mb4Uart5printEPKc) refers to uart.o(.text._ZN2mb4Uart5printEPKc) for [Anonymous Symbol]
    uart.o(.ARM.exidx.text._ZN2mb4Uart8sendCharEc) refers to uart.o(.text._ZN2mb4Uart8sendCharEc) for [Anonymous Symbol]
    uart.o(.text._ZN2mb4Uart7printlnEPKc) refers to uart.o(.text._ZN2mb4Uart5printEPKc) for mb::Uart::print(char const*)
    uart.o(.ARM.exidx.text._ZN2mb4Uart7printlnEPKc) refers to uart.o(.text._ZN2mb4Uart7printlnEPKc) for [Anonymous Symbol]
    boardsupport.o(.ARM.exidx.text._Z8ADC_Initv) refers to boardsupport.o(.text._Z8ADC_Initv) for [Anonymous Symbol]
    boardsupport.o(.ARM.exidx.text._Z15ADC_ReadChannelh) refers to boardsupport.o(.text._Z15ADC_ReadChannelh) for [Anonymous Symbol]
    boardsupport.o(.text._Z15readTemperaturev) refers to boardsupport.o(.text._Z15ADC_ReadChannelh) for ADC_ReadChannel(unsigned char)
    boardsupport.o(.text._Z15readTemperaturev) refers to fflti.o(.text) for __aeabi_ui2f
    boardsupport.o(.text._Z15readTemperaturev) refers to fmul.o(x$fpl$fmul) for __aeabi_fmul
    boardsupport.o(.text._Z15readTemperaturev) refers to fdiv.o(.text) for __aeabi_fdiv
    boardsupport.o(.text._Z15readTemperaturev) refers to faddsub.o(x$fpl$fadd) for __aeabi_fadd
    boardsupport.o(.ARM.exidx.text._Z15readTemperaturev) refers to boardsupport.o(.text._Z15readTemperaturev) for [Anonymous Symbol]
    boardsupport.o(.ARM.exidx.text._Z8LED_initv) refers to boardsupport.o(.text._Z8LED_initv) for [Anonymous Symbol]
    boardsupport.o(.ARM.exidx.text._Z11setLedColorbbb) refers to boardsupport.o(.text._Z11setLedColorbbb) for [Anonymous Symbol]
    boardsupport.o(.ARM.exidx.text._ZN3I2C4initEv) refers to boardsupport.o(.text._ZN3I2C4initEv) for [Anonymous Symbol]
    boardsupport.o(.text._ZN3I2C8writeRegEhhh) refers to boardsupport.o(.text._ZN3I2CL8i2c_waitEv) for I2C::i2c_wait()
    boardsupport.o(.ARM.exidx.text._ZN3I2C8writeRegEhhh) refers to boardsupport.o(.text._ZN3I2C8writeRegEhhh) for [Anonymous Symbol]
    boardsupport.o(.ARM.exidx.text._ZN3I2CL8i2c_waitEv) refers to boardsupport.o(.text._ZN3I2CL8i2c_waitEv) for [Anonymous Symbol]
    boardsupport.o(.text._ZN3I2C7readRegEhhPh) refers to boardsupport.o(.text._ZN3I2CL8i2c_waitEv) for I2C::i2c_wait()
    boardsupport.o(.ARM.exidx.text._ZN3I2C7readRegEhhPh) refers to boardsupport.o(.text._ZN3I2C7readRegEhhPh) for [Anonymous Symbol]
    boardsupport.o(.text._ZN3I2C12readRegBlockEhhhPh) refers to boardsupport.o(.text._ZN3I2CL8i2c_waitEv) for I2C::i2c_wait()
    boardsupport.o(.ARM.exidx.text._ZN3I2C12readRegBlockEhhhPh) refers to boardsupport.o(.text._ZN3I2C12readRegBlockEhhhPh) for [Anonymous Symbol]
    boardsupport.o(.text._Z16self_calibrationv) refers to boardsupport.o(.rodata._ZL10elec_array) for [Anonymous Symbol]
    boardsupport.o(.text._Z16self_calibrationv) refers to boardsupport.o(.bss..L_MergedGlobals) for [Anonymous Symbol]
    boardsupport.o(.ARM.exidx.text._Z16self_calibrationv) refers to boardsupport.o(.text._Z16self_calibrationv) for [Anonymous Symbol]
    boardsupport.o(.text._Z8TSI_Initv) refers to boardsupport.o(.text._Z16self_calibrationv) for self_calibration()
    boardsupport.o(.ARM.exidx.text._Z8TSI_Initv) refers to boardsupport.o(.text._Z8TSI_Initv) for [Anonymous Symbol]
    boardsupport.o(.text._Z14TSI_ReadSliderv) refers to aeabi_sdiv.o(.text) for __aeabi_uidiv
    boardsupport.o(.text._Z14TSI_ReadSliderv) refers to boardsupport.o(.bss..L_MergedGlobals) for [Anonymous Symbol]
    boardsupport.o(.ARM.exidx.text._Z14TSI_ReadSliderv) refers to boardsupport.o(.text._Z14TSI_ReadSliderv) for [Anonymous Symbol]
    boardsupport.o(.text.TSI0_IRQHandler) refers to boardsupport.o(.bss..L_MergedGlobals) for [Anonymous Symbol]
    boardsupport.o(.text.TSI0_IRQHandler) refers to boardsupport.o(.rodata._ZL10elec_array) for [Anonymous Symbol]
    boardsupport.o(.ARM.exidx.text.TSI0_IRQHandler) refers to boardsupport.o(.text.TSI0_IRQHandler) for [Anonymous Symbol]
    communicationmodulemcu.o(.ARM.exidx.text._ZN2mb22CommunicationModuleMCUC2Ev) refers to communicationmodulemcu.o(.text._ZN2mb22CommunicationModuleMCUC2Ev) for [Anonymous Symbol]
    communicationmodulemcu.o(.text._ZN2mb22CommunicationModuleMCU4initEv) refers to rt_memclr.o(.text) for __aeabi_memclr
    communicationmodulemcu.o(.ARM.exidx.text._ZN2mb22CommunicationModuleMCU4initEv) refers to communicationmodulemcu.o(.text._ZN2mb22CommunicationModuleMCU4initEv) for [Anonymous Symbol]
    communicationmodulemcu.o(.text._ZN2mb22CommunicationModuleMCU5printEPKc) refers to uart.o(.text._ZN2mb4Uart5printEPKc) for mb::Uart::print(char const*)
    communicationmodulemcu.o(.ARM.exidx.text._ZN2mb22CommunicationModuleMCU5printEPKc) refers to communicationmodulemcu.o(.text._ZN2mb22CommunicationModuleMCU5printEPKc) for [Anonymous Symbol]
    communicationmodulemcu.o(.text._ZN2mb22CommunicationModuleMCU7printlnEPKc) refers to uart.o(.text._ZN2mb4Uart7printlnEPKc) for mb::Uart::println(char const*)
    communicationmodulemcu.o(.ARM.exidx.text._ZN2mb22CommunicationModuleMCU7printlnEPKc) refers to communicationmodulemcu.o(.text._ZN2mb22CommunicationModuleMCU7printlnEPKc) for [Anonymous Symbol]
    communicationmodulemcu.o(.ARM.exidx.text._ZN2mb22CommunicationModuleMCU11receiveDataEv) refers to communicationmodulemcu.o(.text._ZN2mb22CommunicationModuleMCU11receiveDataEv) for [Anonymous Symbol]
    communicationmodulemcu.o(.text._ZN2mb22CommunicationModuleMCU14onCharReceivedEc) refers to communicationmodulemcu.o(.bss._ZZN2mb22CommunicationModuleMCU14onCharReceivedEcE3idx) for [Anonymous Symbol]
    communicationmodulemcu.o(.ARM.exidx.text._ZN2mb22CommunicationModuleMCU14onCharReceivedEc) refers to communicationmodulemcu.o(.text._ZN2mb22CommunicationModuleMCU14onCharReceivedEc) for [Anonymous Symbol]
    startup_mkl05z4.o(STACK) refers (Special) to heapauxi.o(.text) for __use_two_region_memory
    startup_mkl05z4.o(HEAP) refers (Special) to heapauxi.o(.text) for __use_two_region_memory
    startup_mkl05z4.o(RESET) refers (Special) to heapauxi.o(.text) for __use_two_region_memory
    startup_mkl05z4.o(RESET) refers to startup_mkl05z4.o(STACK) for __initial_sp
    startup_mkl05z4.o(RESET) refers to startup_mkl05z4.o(.text) for Reset_Handler
    startup_mkl05z4.o(RESET) refers to uart.o(.text.UART0_IRQHandler) for UART0_IRQHandler
    startup_mkl05z4.o(RESET) refers to boardsupport.o(.text.TSI0_IRQHandler) for TSI0_IRQHandler
    startup_mkl05z4.o(.ARM.__at_0x400) refers (Special) to heapauxi.o(.text) for __use_two_region_memory
    startup_mkl05z4.o(.text) refers (Special) to heapauxi.o(.text) for __use_two_region_memory
    startup_mkl05z4.o(.text) refers to system_mkl05z4.o(.text.SystemInit) for SystemInit
    startup_mkl05z4.o(.text) refers to __main.o(!!!main) for __main
    startup_mkl05z4.o(.text) refers to startup_mkl05z4.o(HEAP) for Heap_Mem
    startup_mkl05z4.o(.text) refers to startup_mkl05z4.o(STACK) for Stack_Mem
    system_mkl05z4.o(.ARM.exidx.text.SystemInit) refers to system_mkl05z4.o(.text.SystemInit) for [Anonymous Symbol]
    system_mkl05z4.o(.text.SystemCoreClockUpdate) refers to aeabi_sdiv.o(.text) for __aeabi_uidiv
    system_mkl05z4.o(.text.SystemCoreClockUpdate) refers to system_mkl05z4.o(.data.SystemCoreClock) for SystemCoreClock
    system_mkl05z4.o(.ARM.exidx.text.SystemCoreClockUpdate) refers to system_mkl05z4.o(.text.SystemCoreClockUpdate) for [Anonymous Symbol]
    __main.o(!!!main) refers to __rtentry.o(.ARM.Collect$$rtentry$$00000000) for __rt_entry
    faddsub.o(x$fpl$fadd) refers (Special) to usenofp.o(x$fpl$usenofp) for __I$use$fp
    faddsub.o(x$fpl$fadd) refers to faddsub.o(x$fpl$fsub) for _fsub1
    faddsub.o(x$fpl$frsb) refers (Special) to usenofp.o(x$fpl$usenofp) for __I$use$fp
    faddsub.o(x$fpl$frsb) refers to faddsub.o(x$fpl$fsub) for _fsub1
    faddsub.o(x$fpl$frsb) refers to faddsub.o(x$fpl$fadd) for _fadd1
    faddsub.o(x$fpl$fsub) refers (Special) to usenofp.o(x$fpl$usenofp) for __I$use$fp
    faddsub.o(x$fpl$fsub) refers to faddsub.o(x$fpl$fadd) for _fadd1
    fdiv.o(.text) refers (Special) to usenofp.o(x$fpl$usenofp) for __I$use$fp
    fdiv.o(.text) refers to fdiv.o(.constdata) for .constdata
    fdiv.o(.constdata) refers (Special) to usenofp.o(x$fpl$usenofp) for __I$use$fp
    fflti.o(.text) refers (Special) to usenofp.o(x$fpl$usenofp) for __I$use$fp
    fmul.o(x$fpl$fmul) refers (Special) to usenofp.o(x$fpl$usenofp) for __I$use$fp
    __rtentry.o(.ARM.Collect$$rtentry$$00000000) refers (Special) to __rtentry2.o(.ARM.Collect$$rtentry$$0000000A) for __rt_entry_li
    __rtentry.o(.ARM.Collect$$rtentry$$00000000) refers (Special) to __rtentry2.o(.ARM.Collect$$rtentry$$0000000D) for __rt_entry_main
    __rtentry.o(.ARM.Collect$$rtentry$$00000000) refers (Special) to __rtentry2.o(.ARM.Collect$$rtentry$$0000000C) for __rt_entry_postli_1
    __rtentry.o(.ARM.Collect$$rtentry$$00000000) refers (Special) to __rtentry2.o(.ARM.Collect$$rtentry$$00000009) for __rt_entry_postsh_1
    __rtentry.o(.ARM.Collect$$rtentry$$00000000) refers (Special) to __rtentry2.o(.ARM.Collect$$rtentry$$00000002) for __rt_entry_presh_1
    __rtentry.o(.ARM.Collect$$rtentry$$00000000) refers (Special) to __rtentry4.o(.ARM.Collect$$rtentry$$00000004) for __rt_entry_sh
    aeabi_idiv0_sigfpe.o(.text) refers to rt_div0.o(.text) for __rt_div0
    __rtentry2.o(.ARM.Collect$$rtentry$$00000008) refers to boardinit2.o(.text) for _platform_post_stackheap_init
    __rtentry2.o(.ARM.Collect$$rtentry$$0000000A) refers to libinit.o(.ARM.Collect$$libinit$$00000000) for __rt_lib_init
    __rtentry2.o(.ARM.Collect$$rtentry$$0000000B) refers to boardinit3.o(.text) for _platform_post_lib_init
    __rtentry2.o(.ARM.Collect$$rtentry$$0000000D) refers to main.o(.text.main) for main
    __rtentry2.o(.ARM.Collect$$rtentry$$0000000D) refers to exit.o(.text) for exit
    __rtentry2.o(.ARM.exidx) refers to __rtentry2.o(.ARM.Collect$$rtentry$$00000001) for .ARM.Collect$$rtentry$$00000001
    __rtentry2.o(.ARM.exidx) refers to __rtentry2.o(.ARM.Collect$$rtentry$$00000008) for .ARM.Collect$$rtentry$$00000008
    __rtentry2.o(.ARM.exidx) refers to __rtentry2.o(.ARM.Collect$$rtentry$$0000000A) for .ARM.Collect$$rtentry$$0000000A
    __rtentry2.o(.ARM.exidx) refers to __rtentry2.o(.ARM.Collect$$rtentry$$0000000B) for .ARM.Collect$$rtentry$$0000000B
    __rtentry2.o(.ARM.exidx) refers to __rtentry2.o(.ARM.Collect$$rtentry$$0000000D) for .ARM.Collect$$rtentry$$0000000D
    __rtentry4.o(.ARM.Collect$$rtentry$$00000004) refers to sys_stackheap_outer.o(.text) for __user_setup_stackheap
    __rtentry4.o(.ARM.exidx) refers to __rtentry4.o(.ARM.Collect$$rtentry$$00000004) for .ARM.Collect$$rtentry$$00000004
    rt_div0.o(.text) refers to defsig_fpe_outer.o(.text) for __rt_SIGFPE
    sys_stackheap_outer.o(.text) refers to libspace.o(.text) for __user_perproc_libspace
    sys_stackheap_outer.o(.text) refers to startup_mkl05z4.o(.text) for __user_initial_stackheap
    sys_stackheap_outer.o(__vectab_stack_and_reset_area) refers to tempstk.o(.text) for __temporary_stack_top
    sys_stackheap_outer.o(__vectab_stack_and_reset_area) refers to __main.o(!!!main) for __main
    exit.o(.text) refers to rtexit.o(.ARM.Collect$$rtexit$$00000000) for __rt_exit
    defsig_fpe_outer.o(.text) refers to defsig_fpe_inner.o(.text) for __rt_SIGFPE_inner
    defsig_fpe_outer.o(.text) refers to defsig_exit.o(.text) for __sig_exit
    defsig_fpe_formal.o(.text) refers to rt_raise.o(.text) for __rt_raise
    libinit.o(.ARM.Collect$$libinit$$00000000) refers (Special) to libinit2.o(.ARM.Collect$$libinit$$00000030) for __rt_lib_init_alloca_1
    libinit.o(.ARM.Collect$$libinit$$00000000) refers (Special) to libinit2.o(.ARM.Collect$$libinit$$0000002E) for __rt_lib_init_argv_1
    libinit.o(.ARM.Collect$$libinit$$00000000) refers (Special) to libinit2.o(.ARM.Collect$$libinit$$0000001D) for __rt_lib_init_atexit_1
    libinit.o(.ARM.Collect$$libinit$$00000000) refers (Special) to libinit2.o(.ARM.Collect$$libinit$$00000023) for __rt_lib_init_clock_1
    libinit.o(.ARM.Collect$$libinit$$00000000) refers (Special) to libinit2.o(.ARM.Collect$$libinit$$00000034) for __rt_lib_init_cpp_1
    libinit.o(.ARM.Collect$$libinit$$00000000) refers (Special) to libinit2.o(.ARM.Collect$$libinit$$00000032) for __rt_lib_init_exceptions_1
    libinit.o(.ARM.Collect$$libinit$$00000000) refers (Special) to libinit2.o(.ARM.Collect$$libinit$$00000002) for __rt_lib_init_fp_1
    libinit.o(.ARM.Collect$$libinit$$00000000) refers (Special) to libinit2.o(.ARM.Collect$$libinit$$00000021) for __rt_lib_init_fp_trap_1
    libinit.o(.ARM.Collect$$libinit$$00000000) refers (Special) to libinit2.o(.ARM.Collect$$libinit$$00000025) for __rt_lib_init_getenv_1
    libinit.o(.ARM.Collect$$libinit$$00000000) refers (Special) to libinit2.o(.ARM.Collect$$libinit$$0000000C) for __rt_lib_init_heap_1
    libinit.o(.ARM.Collect$$libinit$$00000000) refers (Special) to libinit2.o(.ARM.Collect$$libinit$$00000013) for __rt_lib_init_lc_collate_1
    libinit.o(.ARM.Collect$$libinit$$00000000) refers (Special) to libinit2.o(.ARM.Collect$$libinit$$00000015) for __rt_lib_init_lc_ctype_1
    libinit.o(.ARM.Collect$$libinit$$00000000) refers (Special) to libinit2.o(.ARM.Collect$$libinit$$00000017) for __rt_lib_init_lc_monetary_1
    libinit.o(.ARM.Collect$$libinit$$00000000) refers (Special) to libinit2.o(.ARM.Collect$$libinit$$00000019) for __rt_lib_init_lc_numeric_1
    libinit.o(.ARM.Collect$$libinit$$00000000) refers (Special) to libinit2.o(.ARM.Collect$$libinit$$0000001B) for __rt_lib_init_lc_time_1
    libinit.o(.ARM.Collect$$libinit$$00000000) refers (Special) to libinit2.o(.ARM.Collect$$libinit$$00000006) for __rt_lib_init_preinit_1
    libinit.o(.ARM.Collect$$libinit$$00000000) refers (Special) to libinit2.o(.ARM.Collect$$libinit$$00000010) for __rt_lib_init_rand_1
    libinit.o(.ARM.Collect$$libinit$$00000000) refers (Special) to libinit2.o(.ARM.Collect$$libinit$$00000004) for __rt_lib_init_relocate_pie_1
    libinit.o(.ARM.Collect$$libinit$$00000000) refers (Special) to libinit2.o(.ARM.Collect$$libinit$$00000035) for __rt_lib_init_return
    libinit.o(.ARM.Collect$$libinit$$00000000) refers (Special) to libinit2.o(.ARM.Collect$$libinit$$0000001F) for __rt_lib_init_signal_1
    libinit.o(.ARM.Collect$$libinit$$00000000) refers (Special) to libinit2.o(.ARM.Collect$$libinit$$00000027) for __rt_lib_init_stdio_1
    libinit.o(.ARM.Collect$$libinit$$00000000) refers (Special) to libinit2.o(.ARM.Collect$$libinit$$0000000E) for __rt_lib_init_user_alloc_1
    libspace.o(.text) refers to libspace.o(.bss) for __libspace_start
    rtexit.o(.ARM.Collect$$rtexit$$00000000) refers (Special) to rtexit2.o(.ARM.Collect$$rtexit$$00000004) for __rt_exit_exit
    rtexit.o(.ARM.Collect$$rtexit$$00000000) refers (Special) to rtexit2.o(.ARM.Collect$$rtexit$$00000003) for __rt_exit_ls
    rtexit.o(.ARM.Collect$$rtexit$$00000000) refers (Special) to rtexit2.o(.ARM.Collect$$rtexit$$00000002) for __rt_exit_prels_1
    rtexit.o(.ARM.exidx) refers (Special) to rtexit2.o(.ARM.Collect$$rtexit$$00000004) for __rt_exit_exit
    rtexit.o(.ARM.exidx) refers (Special) to rtexit2.o(.ARM.Collect$$rtexit$$00000003) for __rt_exit_ls
    rtexit.o(.ARM.exidx) refers (Special) to rtexit2.o(.ARM.Collect$$rtexit$$00000002) for __rt_exit_prels_1
    rtexit.o(.ARM.exidx) refers to rtexit.o(.ARM.Collect$$rtexit$$00000000) for .ARM.Collect$$rtexit$$00000000
    rt_raise.o(.text) refers to __raise.o(.text) for __raise
    rt_raise.o(.text) refers to sys_exit.o(.text) for _sys_exit
    defsig_exit.o(.text) refers to sys_exit.o(.text) for _sys_exit
    defsig_fpe_inner.o(.text) refers to defsig_general.o(.text) for __default_signal_display
    libinit2.o(.ARM.Collect$$libinit$$00000012) refers to libinit2.o(.ARM.Collect$$libinit$$00000011) for .ARM.Collect$$libinit$$00000011
    libinit2.o(.ARM.Collect$$libinit$$00000014) refers to libinit2.o(.ARM.Collect$$libinit$$00000011) for .ARM.Collect$$libinit$$00000011
    libinit2.o(.ARM.Collect$$libinit$$00000016) refers to libinit2.o(.ARM.Collect$$libinit$$00000011) for .ARM.Collect$$libinit$$00000011
    libinit2.o(.ARM.Collect$$libinit$$00000018) refers to libinit2.o(.ARM.Collect$$libinit$$00000011) for .ARM.Collect$$libinit$$00000011
    libinit2.o(.ARM.Collect$$libinit$$0000001A) refers to libinit2.o(.ARM.Collect$$libinit$$00000011) for .ARM.Collect$$libinit$$00000011
    libinit2.o(.ARM.Collect$$libinit$$00000028) refers to argv_veneer.o(.text) for __ARM_argv_veneer
    libinit2.o(.ARM.Collect$$libinit$$00000029) refers to argv_veneer.o(.text) for __ARM_argv_veneer
    sys_exit.o(.text) refers (Special) to use_no_semi.o(.text) for __I$use$semihosting
    sys_exit.o(.text) refers (Special) to indicate_semi.o(.text) for __semihosting_library_function
    sys_exit_hlt.o(.text) refers (Special) to use_no_semi.o(.text) for __I$use$semihosting
    sys_exit_hlt.o(.text) refers (Special) to indicate_semi.o(.text) for __semihosting_library_function
    rtexit2.o(.ARM.Collect$$rtexit$$00000003) refers to libshutdown.o(.ARM.Collect$$libshutdown$$00000000) for __rt_lib_shutdown
    rtexit2.o(.ARM.Collect$$rtexit$$00000004) refers to sys_exit.o(.text) for _sys_exit
    rtexit2.o(.ARM.exidx) refers to rtexit2.o(.ARM.Collect$$rtexit$$00000001) for .ARM.Collect$$rtexit$$00000001
    rtexit2.o(.ARM.exidx) refers to rtexit2.o(.ARM.Collect$$rtexit$$00000003) for .ARM.Collect$$rtexit$$00000003
    rtexit2.o(.ARM.exidx) refers to rtexit2.o(.ARM.Collect$$rtexit$$00000004) for .ARM.Collect$$rtexit$$00000004
    __raise.o(.text) refers to defsig.o(CL$$defsig) for __default_signal_handler
    defsig_general.o(.text) refers to sys_wrch.o(.text) for _ttywrch
    sys_wrch.o(.text) refers (Special) to use_no_semi.o(.text) for __I$use$semihosting
    sys_wrch.o(.text) refers (Special) to indicate_semi.o(.text) for __semihosting_library_function
    sys_wrch_hlt.o(.text) refers (Special) to use_no_semi.o(.text) for __I$use$semihosting
    sys_wrch_hlt.o(.text) refers (Special) to indicate_semi.o(.text) for __semihosting_library_function
    defsig.o(CL$$defsig) refers to defsig_fpe_inner.o(.text) for __rt_SIGFPE_inner
    defsig.o(CL$$defsig) refers to defsig_rtmem_inner.o(.text) for __rt_SIGRTMEM_inner
    _get_argv_nomalloc.o(.text) refers (Special) to hrguard.o(.text) for __heap_region$guard
    _get_argv_nomalloc.o(.text) refers to defsig_rtmem_outer.o(.text) for __rt_SIGRTMEM
    _get_argv_nomalloc.o(.text) refers to sys_command.o(.text) for _sys_command_string
    libshutdown.o(.ARM.Collect$$libshutdown$$00000000) refers (Special) to libshutdown2.o(.ARM.Collect$$libshutdown$$00000002) for __rt_lib_shutdown_cpp_1
    libshutdown.o(.ARM.Collect$$libshutdown$$00000000) refers (Special) to libshutdown2.o(.ARM.Collect$$libshutdown$$00000007) for __rt_lib_shutdown_fp_trap_1
    libshutdown.o(.ARM.Collect$$libshutdown$$00000000) refers (Special) to libshutdown2.o(.ARM.Collect$$libshutdown$$0000000F) for __rt_lib_shutdown_heap_1
    libshutdown.o(.ARM.Collect$$libshutdown$$00000000) refers (Special) to libshutdown2.o(.ARM.Collect$$libshutdown$$00000010) for __rt_lib_shutdown_return
    libshutdown.o(.ARM.Collect$$libshutdown$$00000000) refers (Special) to libshutdown2.o(.ARM.Collect$$libshutdown$$0000000A) for __rt_lib_shutdown_signal_1
    libshutdown.o(.ARM.Collect$$libshutdown$$00000000) refers (Special) to libshutdown2.o(.ARM.Collect$$libshutdown$$00000004) for __rt_lib_shutdown_stdio_1
    libshutdown.o(.ARM.Collect$$libshutdown$$00000000) refers (Special) to libshutdown2.o(.ARM.Collect$$libshutdown$$0000000C) for __rt_lib_shutdown_user_alloc_1
    sys_command.o(.text) refers (Special) to use_no_semi.o(.text) for __I$use$semihosting
    sys_command.o(.text) refers (Special) to indicate_semi.o(.text) for __semihosting_library_function
    sys_command_hlt.o(.text) refers (Special) to use_no_semi.o(.text) for __I$use$semihosting
    sys_command_hlt.o(.text) refers (Special) to indicate_semi.o(.text) for __semihosting_library_function
    defsig_abrt_inner.o(.text) refers to defsig_general.o(.text) for __default_signal_display
    defsig_rtred_inner.o(.text) refers to defsig_general.o(.text) for __default_signal_display
    defsig_rtmem_inner.o(.text) refers to defsig_general.o(.text) for __default_signal_display
    defsig_rtmem_outer.o(.text) refers to defsig_rtmem_inner.o(.text) for __rt_SIGRTMEM_inner
    defsig_rtmem_outer.o(.text) refers to defsig_exit.o(.text) for __sig_exit
    defsig_rtmem_formal.o(.text) refers to rt_raise.o(.text) for __rt_raise
    defsig_stak_inner.o(.text) refers to defsig_general.o(.text) for __default_signal_display
    defsig_pvfn_inner.o(.text) refers to defsig_general.o(.text) for __default_signal_display
    defsig_cppl_inner.o(.text) refers to defsig_general.o(.text) for __default_signal_display
    defsig_segv_inner.o(.text) refers to defsig_general.o(.text) for __default_signal_display
    defsig_other.o(.text) refers to defsig_general.o(.text) for __default_signal_display


==============================================================================

Removing Unused input sections from the image.

    Removing main.o(.text), (0 bytes).
    Removing main.o(.ARM.exidx.text.main), (8 bytes).
    Removing main.o(.ARM.use_no_argv), (4 bytes).
    Removing uart.o(.text), (0 bytes).
    Removing uart.o(.ARM.exidx.text.UART0_IRQHandler), (8 bytes).
    Removing uart.o(.ARM.exidx.text._ZN2mb4Uart9handleIRQEv), (8 bytes).
    Removing uart.o(.text._ZN2mb4UartC2Ev), (14 bytes).
    Removing uart.o(.ARM.exidx.text._ZN2mb4UartC2Ev), (8 bytes).
    Removing uart.o(.ARM.exidx.text._ZN2mb4UartC2EjPNS_22CommunicationModuleMCUE), (8 bytes).
    Removing uart.o(.text._ZN2mb4UartC2ERKS0_), (20 bytes).
    Removing uart.o(.ARM.exidx.text._ZN2mb4UartC2ERKS0_), (8 bytes).
    Removing uart.o(.text._ZN2mb4UartD2Ev), (24 bytes).
    Removing uart.o(.ARM.exidx.text._ZN2mb4UartD2Ev), (8 bytes).
    Removing uart.o(.ARM.exidx.text._ZN2mb4Uart5printEPKc), (8 bytes).
    Removing uart.o(.ARM.exidx.text._ZN2mb4Uart8sendCharEc), (8 bytes).
    Removing uart.o(.ARM.exidx.text._ZN2mb4Uart7printlnEPKc), (8 bytes).
    Removing boardsupport.o(.text), (0 bytes).
    Removing boardsupport.o(.ARM.exidx.text._Z8ADC_Initv), (8 bytes).
    Removing boardsupport.o(.text._Z15ADC_ReadChannelh), (24 bytes).
    Removing boardsupport.o(.ARM.exidx.text._Z15ADC_ReadChannelh), (8 bytes).
    Removing boardsupport.o(.text._Z15readTemperaturev), (64 bytes).
    Removing boardsupport.o(.ARM.exidx.text._Z15readTemperaturev), (8 bytes).
    Removing boardsupport.o(.ARM.exidx.text._Z8LED_initv), (8 bytes).
    Removing boardsupport.o(.ARM.exidx.text._Z11setLedColorbbb), (8 bytes).
    Removing boardsupport.o(.ARM.exidx.text._ZN3I2C4initEv), (8 bytes).
    Removing boardsupport.o(.text._ZN3I2C8writeRegEhhh), (76 bytes).
    Removing boardsupport.o(.ARM.exidx.text._ZN3I2C8writeRegEhhh), (8 bytes).
    Removing boardsupport.o(.text._ZN3I2CL8i2c_waitEv), (40 bytes).
    Removing boardsupport.o(.ARM.exidx.text._ZN3I2CL8i2c_waitEv), (8 bytes).
    Removing boardsupport.o(.text._ZN3I2C7readRegEhhPh), (112 bytes).
    Removing boardsupport.o(.ARM.exidx.text._ZN3I2C7readRegEhhPh), (8 bytes).
    Removing boardsupport.o(.text._ZN3I2C12readRegBlockEhhhPh), (152 bytes).
    Removing boardsupport.o(.ARM.exidx.text._ZN3I2C12readRegBlockEhhhPh), (8 bytes).
    Removing boardsupport.o(.ARM.exidx.text._Z16self_calibrationv), (8 bytes).
    Removing boardsupport.o(.ARM.exidx.text._Z8TSI_Initv), (8 bytes).
    Removing boardsupport.o(.text._Z14TSI_ReadSliderv), (72 bytes).
    Removing boardsupport.o(.ARM.exidx.text._Z14TSI_ReadSliderv), (8 bytes).
    Removing boardsupport.o(.ARM.exidx.text.TSI0_IRQHandler), (8 bytes).
    Removing communicationmodulemcu.o(.text), (0 bytes).
    Removing communicationmodulemcu.o(.ARM.exidx.text._ZN2mb22CommunicationModuleMCUC2Ev), (8 bytes).
    Removing communicationmodulemcu.o(.ARM.exidx.text._ZN2mb22CommunicationModuleMCU4initEv), (8 bytes).
    Removing communicationmodulemcu.o(.text._ZN2mb22CommunicationModuleMCU5printEPKc), (10 bytes).
    Removing communicationmodulemcu.o(.ARM.exidx.text._ZN2mb22CommunicationModuleMCU5printEPKc), (8 bytes).
    Removing communicationmodulemcu.o(.ARM.exidx.text._ZN2mb22CommunicationModuleMCU7printlnEPKc), (8 bytes).
    Removing communicationmodulemcu.o(.text._ZN2mb22CommunicationModuleMCU11receiveDataEv), (16 bytes).
    Removing communicationmodulemcu.o(.ARM.exidx.text._ZN2mb22CommunicationModuleMCU11receiveDataEv), (8 bytes).
    Removing communicationmodulemcu.o(.ARM.exidx.text._ZN2mb22CommunicationModuleMCU14onCharReceivedEc), (8 bytes).
    Removing uart_1.o(.text), (0 bytes).
    Removing boardsupport_1.o(.text), (0 bytes).
    Removing communicationmodulemcu_1.o(.text), (0 bytes).
    Removing system_mkl05z4.o(.text), (0 bytes).
    Removing system_mkl05z4.o(.ARM.exidx.text.SystemInit), (8 bytes).
    Removing system_mkl05z4.o(.ARM.exidx.text.SystemCoreClockUpdate), (8 bytes).

53 unused section(s) (total 884 bytes) removed from the image.

==============================================================================

Image Symbol Table

    Local Symbols

    Symbol Name                              Value     Ov Type        Size  Object(Section)

    ../clib/angel/boardlib.s                 0x00000000   Number         0  boardinit1.o ABSOLUTE
    ../clib/angel/boardlib.s                 0x00000000   Number         0  boardinit2.o ABSOLUTE
    ../clib/angel/boardlib.s                 0x00000000   Number         0  boardinit3.o ABSOLUTE
    ../clib/angel/boardlib.s                 0x00000000   Number         0  boardshut.o ABSOLUTE
    ../clib/angel/handlers.s                 0x00000000   Number         0  __scatter_copy.o ABSOLUTE
    ../clib/angel/handlers.s                 0x00000000   Number         0  __scatter_zi.o ABSOLUTE
    ../clib/angel/kernel.s                   0x00000000   Number         0  __rtentry.o ABSOLUTE
    ../clib/angel/kernel.s                   0x00000000   Number         0  __rtentry2.o ABSOLUTE
    ../clib/angel/kernel.s                   0x00000000   Number         0  __rtentry4.o ABSOLUTE
    ../clib/angel/kernel.s                   0x00000000   Number         0  rtexit.o ABSOLUTE
    ../clib/angel/kernel.s                   0x00000000   Number         0  rtexit2.o ABSOLUTE
    ../clib/angel/rt.s                       0x00000000   Number         0  aeabi_idiv0.o ABSOLUTE
    ../clib/angel/rt.s                       0x00000000   Number         0  aeabi_idiv0_sigfpe.o ABSOLUTE
    ../clib/angel/rt.s                       0x00000000   Number         0  rt_div0.o ABSOLUTE
    ../clib/angel/rt.s                       0x00000000   Number         0  rt_raise.o ABSOLUTE
    ../clib/angel/scatterp.s                 0x00000000   Number         0  __scatter.o ABSOLUTE
    ../clib/angel/startup.s                  0x00000000   Number         0  __main.o ABSOLUTE
    ../clib/angel/sys.s                      0x00000000   Number         0  sys_stackheap_outer.o ABSOLUTE
    ../clib/angel/sys.s                      0x00000000   Number         0  libspace.o ABSOLUTE
    ../clib/angel/sys.s                      0x00000000   Number         0  tempstk.o ABSOLUTE
    ../clib/angel/sys.s                      0x00000000   Number         0  use_no_semi.o ABSOLUTE
    ../clib/angel/sys.s                      0x00000000   Number         0  indicate_semi.o ABSOLUTE
    ../clib/angel/sysapp.c                   0x00000000   Number         0  sys_exit.o ABSOLUTE
    ../clib/angel/sysapp.c                   0x00000000   Number         0  sys_exit_hlt.o ABSOLUTE
    ../clib/angel/sysapp.c                   0x00000000   Number         0  sys_wrch.o ABSOLUTE
    ../clib/angel/sysapp.c                   0x00000000   Number         0  sys_wrch_hlt.o ABSOLUTE
    ../clib/angel/sysapp.c                   0x00000000   Number         0  sys_command.o ABSOLUTE
    ../clib/angel/sysapp.c                   0x00000000   Number         0  sys_command_hlt.o ABSOLUTE
    ../clib/armsys.c                         0x00000000   Number         0  argv_veneer.o ABSOLUTE
    ../clib/armsys.c                         0x00000000   Number         0  _get_argv_nomalloc.o ABSOLUTE
    ../clib/armsys.c                         0x00000000   Number         0  no_argv.o ABSOLUTE
    ../clib/division.s                       0x00000000   Number         0  aeabi_sdiv.o ABSOLUTE
    ../clib/division.s                       0x00000000   Number         0  aeabi_sdiv_div0.o ABSOLUTE
    ../clib/heapalloc.c                      0x00000000   Number         0  hrguard.o ABSOLUTE
    ../clib/heapaux.c                        0x00000000   Number         0  heapauxi.o ABSOLUTE
    ../clib/libinit.s                        0x00000000   Number         0  libinit.o ABSOLUTE
    ../clib/libinit.s                        0x00000000   Number         0  libinit2.o ABSOLUTE
    ../clib/libinit.s                        0x00000000   Number         0  libshutdown.o ABSOLUTE
    ../clib/libinit.s                        0x00000000   Number         0  libshutdown2.o ABSOLUTE
    ../clib/memcpset.c                       0x00000000   Number         0  rt_memclr.o ABSOLUTE
    ../clib/signal.c                         0x00000000   Number         0  defsig_fpe_outer.o ABSOLUTE
    ../clib/signal.c                         0x00000000   Number         0  defsig_fpe_formal.o ABSOLUTE
    ../clib/signal.c                         0x00000000   Number         0  defsig_exit.o ABSOLUTE
    ../clib/signal.c                         0x00000000   Number         0  defsig_fpe_inner.o ABSOLUTE
    ../clib/signal.c                         0x00000000   Number         0  __raise.o ABSOLUTE
    ../clib/signal.c                         0x00000000   Number         0  defsig_general.o ABSOLUTE
    ../clib/signal.c                         0x00000000   Number         0  defsig_abrt_inner.o ABSOLUTE
    ../clib/signal.c                         0x00000000   Number         0  defsig_rtred_inner.o ABSOLUTE
    ../clib/signal.c                         0x00000000   Number         0  defsig_rtmem_inner.o ABSOLUTE
    ../clib/signal.c                         0x00000000   Number         0  defsig_rtmem_outer.o ABSOLUTE
    ../clib/signal.c                         0x00000000   Number         0  defsig_rtmem_formal.o ABSOLUTE
    ../clib/signal.c                         0x00000000   Number         0  defsig_stak_inner.o ABSOLUTE
    ../clib/signal.c                         0x00000000   Number         0  defsig_pvfn_inner.o ABSOLUTE
    ../clib/signal.c                         0x00000000   Number         0  defsig_cppl_inner.o ABSOLUTE
    ../clib/signal.c                         0x00000000   Number         0  defsig_segv_inner.o ABSOLUTE
    ../clib/signal.c                         0x00000000   Number         0  defsig_other.o ABSOLUTE
    ../clib/signal.s                         0x00000000   Number         0  defsig.o ABSOLUTE
    ../clib/stdlib.c                         0x00000000   Number         0  exit.o ABSOLUTE
    ../fplib/cfplib/fdiv.c                   0x00000000   Number         0  fdiv.o ABSOLUTE
    ../fplib/cfplib/fflt.c                   0x00000000   Number         0  fflti.o ABSOLUTE
    ../fplib/cfplib/fpinit.c                 0x00000000   Number         0  fpinit.o ABSOLUTE
    ../fplib/faddsub6m.s                     0x00000000   Number         0  faddsub.o ABSOLUTE
    ../fplib/fmul6m.s                        0x00000000   Number         0  fmul.o ABSOLUTE
    ../fplib/usenofp.s                       0x00000000   Number         0  usenofp.o ABSOLUTE
    BoardSupport.cpp                         0x00000000   Number         0  boardsupport.o ABSOLUTE
    BoardSupport.hpp                         0x00000000   Number         0  boardsupport_1.o ABSOLUTE
    CommunicationModuleMCU.cpp               0x00000000   Number         0  communicationmodulemcu.o ABSOLUTE
    CommunicationModuleMCU.hpp               0x00000000   Number         0  communicationmodulemcu_1.o ABSOLUTE
    RTE/Device/MKL05Z32xxx4/startup_MKL05Z4.s 0x00000000   Number         0  startup_mkl05z4.o ABSOLUTE
    Uart.cpp                                 0x00000000   Number         0  uart.o ABSOLUTE
    Uart.hpp                                 0x00000000   Number         0  uart_1.o ABSOLUTE
    dc.s                                     0x00000000   Number         0  dc.o ABSOLUTE
    main.cpp                                 0x00000000   Number         0  main.o ABSOLUTE
    system_MKL05Z4.c                         0x00000000   Number         0  system_mkl05z4.o ABSOLUTE
    RESET                                    0x00000000   Section      192  startup_mkl05z4.o(RESET)
    !!!main                                  0x000000c0   Section        8  __main.o(!!!main)
    !!!scatter                               0x000000c8   Section       84  __scatter.o(!!!scatter)
    !!handler_copy                           0x0000011c   Section       26  __scatter_copy.o(!!handler_copy)
    !!handler_null                           0x00000138   Section        2  __scatter.o(!!handler_null)
    !!handler_zi                             0x0000013c   Section       28  __scatter_zi.o(!!handler_zi)
    .ARM.Collect$$libinit$$00000000          0x00000158   Section        2  libinit.o(.ARM.Collect$$libinit$$00000000)
    .ARM.Collect$$libinit$$00000002          0x0000015a   Section        0  libinit2.o(.ARM.Collect$$libinit$$00000002)
    .ARM.Collect$$libinit$$00000004          0x0000015a   Section        0  libinit2.o(.ARM.Collect$$libinit$$00000004)
    .ARM.Collect$$libinit$$00000006          0x0000015a   Section        0  libinit2.o(.ARM.Collect$$libinit$$00000006)
    .ARM.Collect$$libinit$$0000000C          0x0000015a   Section        0  libinit2.o(.ARM.Collect$$libinit$$0000000C)
    .ARM.Collect$$libinit$$0000000E          0x0000015a   Section        0  libinit2.o(.ARM.Collect$$libinit$$0000000E)
    .ARM.Collect$$libinit$$00000010          0x0000015a   Section        0  libinit2.o(.ARM.Collect$$libinit$$00000010)
    .ARM.Collect$$libinit$$00000013          0x0000015a   Section        0  libinit2.o(.ARM.Collect$$libinit$$00000013)
    .ARM.Collect$$libinit$$00000015          0x0000015a   Section        0  libinit2.o(.ARM.Collect$$libinit$$00000015)
    .ARM.Collect$$libinit$$00000017          0x0000015a   Section        0  libinit2.o(.ARM.Collect$$libinit$$00000017)
    .ARM.Collect$$libinit$$00000019          0x0000015a   Section        0  libinit2.o(.ARM.Collect$$libinit$$00000019)
    .ARM.Collect$$libinit$$0000001B          0x0000015a   Section        0  libinit2.o(.ARM.Collect$$libinit$$0000001B)
    .ARM.Collect$$libinit$$0000001D          0x0000015a   Section        0  libinit2.o(.ARM.Collect$$libinit$$0000001D)
    .ARM.Collect$$libinit$$0000001F          0x0000015a   Section        0  libinit2.o(.ARM.Collect$$libinit$$0000001F)
    .ARM.Collect$$libinit$$00000021          0x0000015a   Section        0  libinit2.o(.ARM.Collect$$libinit$$00000021)
    .ARM.Collect$$libinit$$00000023          0x0000015a   Section        0  libinit2.o(.ARM.Collect$$libinit$$00000023)
    .ARM.Collect$$libinit$$00000025          0x0000015a   Section        0  libinit2.o(.ARM.Collect$$libinit$$00000025)
    .ARM.Collect$$libinit$$00000027          0x0000015a   Section        0  libinit2.o(.ARM.Collect$$libinit$$00000027)
    .ARM.Collect$$libinit$$0000002E          0x0000015a   Section        0  libinit2.o(.ARM.Collect$$libinit$$0000002E)
    .ARM.Collect$$libinit$$00000030          0x0000015a   Section        0  libinit2.o(.ARM.Collect$$libinit$$00000030)
    .ARM.Collect$$libinit$$00000032          0x0000015a   Section        0  libinit2.o(.ARM.Collect$$libinit$$00000032)
    .ARM.Collect$$libinit$$00000034          0x0000015a   Section        0  libinit2.o(.ARM.Collect$$libinit$$00000034)
    .ARM.Collect$$libinit$$00000035          0x0000015a   Section        2  libinit2.o(.ARM.Collect$$libinit$$00000035)
    .ARM.Collect$$libshutdown$$00000000      0x0000015c   Section        2  libshutdown.o(.ARM.Collect$$libshutdown$$00000000)
    .ARM.Collect$$libshutdown$$00000002      0x0000015e   Section        0  libshutdown2.o(.ARM.Collect$$libshutdown$$00000002)
    .ARM.Collect$$libshutdown$$00000004      0x0000015e   Section        0  libshutdown2.o(.ARM.Collect$$libshutdown$$00000004)
    .ARM.Collect$$libshutdown$$00000007      0x0000015e   Section        0  libshutdown2.o(.ARM.Collect$$libshutdown$$00000007)
    .ARM.Collect$$libshutdown$$0000000A      0x0000015e   Section        0  libshutdown2.o(.ARM.Collect$$libshutdown$$0000000A)
    .ARM.Collect$$libshutdown$$0000000C      0x0000015e   Section        0  libshutdown2.o(.ARM.Collect$$libshutdown$$0000000C)
    .ARM.Collect$$libshutdown$$0000000F      0x0000015e   Section        0  libshutdown2.o(.ARM.Collect$$libshutdown$$0000000F)
    .ARM.Collect$$libshutdown$$00000010      0x0000015e   Section        2  libshutdown2.o(.ARM.Collect$$libshutdown$$00000010)
    .ARM.Collect$$rtentry$$00000000          0x00000160   Section        0  __rtentry.o(.ARM.Collect$$rtentry$$00000000)
    .ARM.Collect$$rtentry$$00000002          0x00000160   Section        0  __rtentry2.o(.ARM.Collect$$rtentry$$00000002)
    .ARM.Collect$$rtentry$$00000004          0x00000160   Section        6  __rtentry4.o(.ARM.Collect$$rtentry$$00000004)
    .ARM.Collect$$rtentry$$00000009          0x00000166   Section        0  __rtentry2.o(.ARM.Collect$$rtentry$$00000009)
    .ARM.Collect$$rtentry$$0000000A          0x00000166   Section        4  __rtentry2.o(.ARM.Collect$$rtentry$$0000000A)
    .ARM.Collect$$rtentry$$0000000C          0x0000016a   Section        0  __rtentry2.o(.ARM.Collect$$rtentry$$0000000C)
    .ARM.Collect$$rtentry$$0000000D          0x0000016a   Section        8  __rtentry2.o(.ARM.Collect$$rtentry$$0000000D)
    .ARM.Collect$$rtexit$$00000000           0x00000172   Section        2  rtexit.o(.ARM.Collect$$rtexit$$00000000)
    .ARM.Collect$$rtexit$$00000002           0x00000174   Section        0  rtexit2.o(.ARM.Collect$$rtexit$$00000002)
    .ARM.Collect$$rtexit$$00000003           0x00000174   Section        4  rtexit2.o(.ARM.Collect$$rtexit$$00000003)
    .ARM.Collect$$rtexit$$00000004           0x00000178   Section        6  rtexit2.o(.ARM.Collect$$rtexit$$00000004)
    .text                                    0x00000180   Section       52  startup_mkl05z4.o(.text)
    .text                                    0x000001b4   Section        0  rt_memclr.o(.text)
    .text                                    0x000001f4   Section      364  aeabi_sdiv.o(.text)
    .text                                    0x00000360   Section        0  heapauxi.o(.text)
    .text                                    0x00000366   Section       62  sys_stackheap_outer.o(.text)
    .text                                    0x000003a4   Section        0  exit.o(.text)
    .text                                    0x000003b4   Section        8  libspace.o(.text)
    .text                                    0x000003bc   Section        0  sys_exit.o(.text)
    .text                                    0x000003c8   Section        2  use_no_semi.o(.text)
    [Anonymous Symbol]                       0x000003ca   Section        0  uart.o(.text.UART0_IRQHandler)
    .text                                    0x000003ca   Section        0  indicate_semi.o(.text)
    [Anonymous Symbol]                       0x000003d2   Section        0  communicationmodulemcu.o(.text._ZN2mb22CommunicationModuleMCU4initEv)
    [Anonymous Symbol]                       0x000003e4   Section        0  communicationmodulemcu.o(.text._ZN2mb22CommunicationModuleMCU7printlnEPKc)
    [Anonymous Symbol]                       0x000003ee   Section        0  communicationmodulemcu.o(.text._ZN2mb22CommunicationModuleMCUC2Ev)
    elec_array                               0x000003f6   Data           2  boardsupport.o(.rodata._ZL10elec_array)
    [Anonymous Symbol]                       0x000003f6   Section        0  boardsupport.o(.rodata._ZL10elec_array)
    .ARM.__at_0x400                          0x00000400   Section       16  startup_mkl05z4.o(.ARM.__at_0x400)
    [Anonymous Symbol]                       0x00000410   Section        0  system_mkl05z4.o(.text.SystemCoreClockUpdate)
    __arm_cp.1_1                             0x000004a4   Number         4  system_mkl05z4.o(.text.SystemCoreClockUpdate)
    __arm_cp.1_2                             0x000004a8   Number         4  system_mkl05z4.o(.text.SystemCoreClockUpdate)
    __arm_cp.1_3                             0x000004ac   Number         4  system_mkl05z4.o(.text.SystemCoreClockUpdate)
    __arm_cp.1_4                             0x000004b0   Number         4  system_mkl05z4.o(.text.SystemCoreClockUpdate)
    __arm_cp.1_5                             0x000004b4   Number         4  system_mkl05z4.o(.text.SystemCoreClockUpdate)
    [Anonymous Symbol]                       0x000004b8   Section        0  system_mkl05z4.o(.text.SystemInit)
    __arm_cp.0_0                             0x00000508   Number         4  system_mkl05z4.o(.text.SystemInit)
    __arm_cp.0_2                             0x0000050c   Number         4  system_mkl05z4.o(.text.SystemInit)
    __arm_cp.0_3                             0x00000510   Number         4  system_mkl05z4.o(.text.SystemInit)
    __arm_cp.0_4                             0x00000514   Number         4  system_mkl05z4.o(.text.SystemInit)
    __arm_cp.0_5                             0x00000518   Number         4  system_mkl05z4.o(.text.SystemInit)
    [Anonymous Symbol]                       0x0000051c   Section        0  boardsupport.o(.text.TSI0_IRQHandler)
    [Anonymous Symbol]                       0x00000560   Section        0  boardsupport.o(.text._Z11setLedColorbbb)
    [Anonymous Symbol]                       0x0000059c   Section        0  boardsupport.o(.text._Z16self_calibrationv)
    __arm_cp.10_1                            0x0000061c   Number         4  boardsupport.o(.text._Z16self_calibrationv)
    __arm_cp.10_2                            0x00000620   Number         4  boardsupport.o(.text._Z16self_calibrationv)
    __arm_cp.10_3                            0x00000624   Number         4  boardsupport.o(.text._Z16self_calibrationv)
    [Anonymous Symbol]                       0x00000628   Section        0  boardsupport.o(.text._Z8ADC_Initv)
    __arm_cp.0_1                             0x00000694   Number         4  boardsupport.o(.text._Z8ADC_Initv)
    __arm_cp.0_2                             0x00000698   Number         4  boardsupport.o(.text._Z8ADC_Initv)
    [Anonymous Symbol]                       0x0000069c   Section        0  boardsupport.o(.text._Z8LED_initv)
    __arm_cp.3_1                             0x000006c4   Number         4  boardsupport.o(.text._Z8LED_initv)
    __arm_cp.3_2                             0x000006c8   Number         4  boardsupport.o(.text._Z8LED_initv)
    [Anonymous Symbol]                       0x000006cc   Section        0  boardsupport.o(.text._Z8TSI_Initv)
    __arm_cp.11_0                            0x00000708   Number         4  boardsupport.o(.text._Z8TSI_Initv)
    __arm_cp.11_1                            0x0000070c   Number         4  boardsupport.o(.text._Z8TSI_Initv)
    __arm_cp.11_2                            0x00000710   Number         4  boardsupport.o(.text._Z8TSI_Initv)
    __arm_cp.11_3                            0x00000714   Number         4  boardsupport.o(.text._Z8TSI_Initv)
    __arm_cp.11_4                            0x00000718   Number         4  boardsupport.o(.text._Z8TSI_Initv)
    __arm_cp.11_5                            0x0000071c   Number         4  boardsupport.o(.text._Z8TSI_Initv)
    [Anonymous Symbol]                       0x00000720   Section        0  communicationmodulemcu.o(.text._ZN2mb22CommunicationModuleMCU14onCharReceivedEc)
    __arm_cp.5_0                             0x0000074c   Number         4  communicationmodulemcu.o(.text._ZN2mb22CommunicationModuleMCU14onCharReceivedEc)
    [Anonymous Symbol]                       0x00000750   Section        0  uart.o(.text._ZN2mb4Uart5printEPKc)
    [Anonymous Symbol]                       0x00000764   Section        0  uart.o(.text._ZN2mb4Uart7printlnEPKc)
    [Anonymous Symbol]                       0x00000778   Section        0  uart.o(.text._ZN2mb4Uart8sendCharEc)
    [Anonymous Symbol]                       0x00000788   Section        0  uart.o(.text._ZN2mb4Uart9handleIRQEv)
    __arm_cp.1_0                             0x000007a4   Number         4  uart.o(.text._ZN2mb4Uart9handleIRQEv)
    [Anonymous Symbol]                       0x000007a8   Section        0  uart.o(.text._ZN2mb4UartC2EjPNS_22CommunicationModuleMCUE)
    __arm_cp.3_0                             0x00000814   Number         4  uart.o(.text._ZN2mb4UartC2EjPNS_22CommunicationModuleMCUE)
    __arm_cp.3_1                             0x00000818   Number         4  uart.o(.text._ZN2mb4UartC2EjPNS_22CommunicationModuleMCUE)
    __arm_cp.3_2                             0x0000081c   Number         4  uart.o(.text._ZN2mb4UartC2EjPNS_22CommunicationModuleMCUE)
    __arm_cp.3_3                             0x00000820   Number         4  uart.o(.text._ZN2mb4UartC2EjPNS_22CommunicationModuleMCUE)
    __arm_cp.3_4                             0x00000824   Number         4  uart.o(.text._ZN2mb4UartC2EjPNS_22CommunicationModuleMCUE)
    __arm_cp.3_5                             0x00000828   Number         4  uart.o(.text._ZN2mb4UartC2EjPNS_22CommunicationModuleMCUE)
    [Anonymous Symbol]                       0x0000082c   Section        0  boardsupport.o(.text._ZN3I2C4initEv)
    __arm_cp.5_0                             0x00000858   Number         4  boardsupport.o(.text._ZN3I2C4initEv)
    __arm_cp.5_1                             0x0000085c   Number         4  boardsupport.o(.text._ZN3I2C4initEv)
    __arm_cp.5_2                             0x00000860   Number         4  boardsupport.o(.text._ZN3I2C4initEv)
    [Anonymous Symbol]                       0x00000864   Section        0  main.o(.text.main)
    .bss                                     0x1ffffc08   Section       96  libspace.o(.bss)
    ongoing_elec                             0x1ffffc68   Data           1  boardsupport.o(.bss..L_MergedGlobals)
    [Anonymous Symbol]                       0x1ffffc68   Section        0  boardsupport.o(.bss..L_MergedGlobals)
    end_flag                                 0x1ffffc69   Data           1  boardsupport.o(.bss..L_MergedGlobals)
    gu16Baseline                             0x1ffffc6a   Data           4  boardsupport.o(.bss..L_MergedGlobals)
    gu16Delta                                0x1ffffc6e   Data           4  boardsupport.o(.bss..L_MergedGlobals)
    mb::CommunicationModuleMCU::onCharReceived(char)::idx 0x1ffffc78   Data           4  communicationmodulemcu.o(.bss._ZZN2mb22CommunicationModuleMCU14onCharReceivedEcE3idx)
    [Anonymous Symbol]                       0x1ffffc78   Section        0  communicationmodulemcu.o(.bss._ZZN2mb22CommunicationModuleMCU14onCharReceivedEcE3idx)
    Heap_Mem                                 0x1ffffc80   Data           0  startup_mkl05z4.o(HEAP)
    Stack_Mem                                0x1ffffc80   Data        1024  startup_mkl05z4.o(STACK)
    HEAP                                     0x1ffffc80   Section        0  startup_mkl05z4.o(HEAP)
    STACK                                    0x1ffffc80   Section     1024  startup_mkl05z4.o(STACK)
    __initial_sp                             0x20000080   Data           0  startup_mkl05z4.o(STACK)

    Global Symbols

    Symbol Name                              Value     Ov Type        Size  Object(Section)

    BuildAttributes$$THM_ISAv3M$S$PE$A:L22$X:L11$S22$IEEE1$IW$~IW$USESV6$~STKCKD$USESV7$~SHL$OSPACE$ROPI$EBA8$UX$STANDARDLIB$REQ8$PRES8$EABIv2 0x00000000   Number         0  anon$$obj.o ABSOLUTE
    __Vectors                                0x00000000   Data           4  startup_mkl05z4.o(RESET)
    __ARM_exceptions_init                     - Undefined Weak Reference
    __alloca_initialize                       - Undefined Weak Reference
    __arm_preinit_                            - Undefined Weak Reference
    __arm_relocate_pie_                       - Undefined Weak Reference
    __cpp_initialize__aeabi_                  - Undefined Weak Reference
    __cxa_finalize                            - Undefined Weak Reference
    __rt_locale                               - Undefined Weak Reference
    __sigvec_lookup                           - Undefined Weak Reference
    _atexit_init                              - Undefined Weak Reference
    _call_atexit_fns                          - Undefined Weak Reference
    _clock_init                               - Undefined Weak Reference
    _fp_trap_init                             - Undefined Weak Reference
    _fp_trap_shutdown                         - Undefined Weak Reference
    _get_lc_collate                           - Undefined Weak Reference
    _get_lc_ctype                             - Undefined Weak Reference
    _get_lc_monetary                          - Undefined Weak Reference
    _get_lc_numeric                           - Undefined Weak Reference
    _get_lc_time                              - Undefined Weak Reference
    _getenv_init                              - Undefined Weak Reference
    _handle_redirection                       - Undefined Weak Reference
    _init_alloc                               - Undefined Weak Reference
    _init_user_alloc                          - Undefined Weak Reference
    _initio                                   - Undefined Weak Reference
    _rand_init                                - Undefined Weak Reference
    _signal_finish                            - Undefined Weak Reference
    _signal_init                              - Undefined Weak Reference
    _terminate_alloc                          - Undefined Weak Reference
    _terminate_user_alloc                     - Undefined Weak Reference
    _terminateio                              - Undefined Weak Reference
    __Vectors_End                            0x000000c0   Data           0  startup_mkl05z4.o(RESET)
    __Vectors_Size                           0x000000c0   Number         0  startup_mkl05z4.o ABSOLUTE
    __main                                   0x000000c1   Thumb Code     8  __main.o(!!!main)
    __scatterload                            0x000000c9   Thumb Code     0  __scatter.o(!!!scatter)
    __scatterload_rt2                        0x000000c9   Thumb Code    74  __scatter.o(!!!scatter)
    __scatterload_rt2_thumb_only             0x000000c9   Thumb Code     0  __scatter.o(!!!scatter)
    __scatterload_loop                       0x000000d3   Thumb Code     0  __scatter.o(!!!scatter)
    __scatterload_copy                       0x0000011d   Thumb Code    26  __scatter_copy.o(!!handler_copy)
    __scatterload_null                       0x00000139   Thumb Code     2  __scatter.o(!!handler_null)
    __scatterload_zeroinit                   0x0000013d   Thumb Code    28  __scatter_zi.o(!!handler_zi)
    __rt_lib_init                            0x00000159   Thumb Code     0  libinit.o(.ARM.Collect$$libinit$$00000000)
    __rt_lib_init_alloca_1                   0x0000015b   Thumb Code     0  libinit2.o(.ARM.Collect$$libinit$$00000030)
    __rt_lib_init_argv_1                     0x0000015b   Thumb Code     0  libinit2.o(.ARM.Collect$$libinit$$0000002E)
    __rt_lib_init_atexit_1                   0x0000015b   Thumb Code     0  libinit2.o(.ARM.Collect$$libinit$$0000001D)
    __rt_lib_init_clock_1                    0x0000015b   Thumb Code     0  libinit2.o(.ARM.Collect$$libinit$$00000023)
    __rt_lib_init_cpp_1                      0x0000015b   Thumb Code     0  libinit2.o(.ARM.Collect$$libinit$$00000034)
    __rt_lib_init_exceptions_1               0x0000015b   Thumb Code     0  libinit2.o(.ARM.Collect$$libinit$$00000032)
    __rt_lib_init_fp_1                       0x0000015b   Thumb Code     0  libinit2.o(.ARM.Collect$$libinit$$00000002)
    __rt_lib_init_fp_trap_1                  0x0000015b   Thumb Code     0  libinit2.o(.ARM.Collect$$libinit$$00000021)
    __rt_lib_init_getenv_1                   0x0000015b   Thumb Code     0  libinit2.o(.ARM.Collect$$libinit$$00000025)
    __rt_lib_init_heap_1                     0x0000015b   Thumb Code     0  libinit2.o(.ARM.Collect$$libinit$$0000000C)
    __rt_lib_init_lc_collate_1               0x0000015b   Thumb Code     0  libinit2.o(.ARM.Collect$$libinit$$00000013)
    __rt_lib_init_lc_ctype_1                 0x0000015b   Thumb Code     0  libinit2.o(.ARM.Collect$$libinit$$00000015)
    __rt_lib_init_lc_monetary_1              0x0000015b   Thumb Code     0  libinit2.o(.ARM.Collect$$libinit$$00000017)
    __rt_lib_init_lc_numeric_1               0x0000015b   Thumb Code     0  libinit2.o(.ARM.Collect$$libinit$$00000019)
    __rt_lib_init_lc_time_1                  0x0000015b   Thumb Code     0  libinit2.o(.ARM.Collect$$libinit$$0000001B)
    __rt_lib_init_preinit_1                  0x0000015b   Thumb Code     0  libinit2.o(.ARM.Collect$$libinit$$00000006)
    __rt_lib_init_rand_1                     0x0000015b   Thumb Code     0  libinit2.o(.ARM.Collect$$libinit$$00000010)
    __rt_lib_init_relocate_pie_1             0x0000015b   Thumb Code     0  libinit2.o(.ARM.Collect$$libinit$$00000004)
    __rt_lib_init_return                     0x0000015b   Thumb Code     0  libinit2.o(.ARM.Collect$$libinit$$00000035)
    __rt_lib_init_signal_1                   0x0000015b   Thumb Code     0  libinit2.o(.ARM.Collect$$libinit$$0000001F)
    __rt_lib_init_stdio_1                    0x0000015b   Thumb Code     0  libinit2.o(.ARM.Collect$$libinit$$00000027)
    __rt_lib_init_user_alloc_1               0x0000015b   Thumb Code     0  libinit2.o(.ARM.Collect$$libinit$$0000000E)
    __rt_lib_shutdown                        0x0000015d   Thumb Code     0  libshutdown.o(.ARM.Collect$$libshutdown$$00000000)
    __rt_lib_shutdown_cpp_1                  0x0000015f   Thumb Code     0  libshutdown2.o(.ARM.Collect$$libshutdown$$00000002)
    __rt_lib_shutdown_fp_trap_1              0x0000015f   Thumb Code     0  libshutdown2.o(.ARM.Collect$$libshutdown$$00000007)
    __rt_lib_shutdown_heap_1                 0x0000015f   Thumb Code     0  libshutdown2.o(.ARM.Collect$$libshutdown$$0000000F)
    __rt_lib_shutdown_return                 0x0000015f   Thumb Code     0  libshutdown2.o(.ARM.Collect$$libshutdown$$00000010)
    __rt_lib_shutdown_signal_1               0x0000015f   Thumb Code     0  libshutdown2.o(.ARM.Collect$$libshutdown$$0000000A)
    __rt_lib_shutdown_stdio_1                0x0000015f   Thumb Code     0  libshutdown2.o(.ARM.Collect$$libshutdown$$00000004)
    __rt_lib_shutdown_user_alloc_1           0x0000015f   Thumb Code     0  libshutdown2.o(.ARM.Collect$$libshutdown$$0000000C)
    __rt_entry                               0x00000161   Thumb Code     0  __rtentry.o(.ARM.Collect$$rtentry$$00000000)
    __rt_entry_presh_1                       0x00000161   Thumb Code     0  __rtentry2.o(.ARM.Collect$$rtentry$$00000002)
    __rt_entry_sh                            0x00000161   Thumb Code     0  __rtentry4.o(.ARM.Collect$$rtentry$$00000004)
    __rt_entry_li                            0x00000167   Thumb Code     0  __rtentry2.o(.ARM.Collect$$rtentry$$0000000A)
    __rt_entry_postsh_1                      0x00000167   Thumb Code     0  __rtentry2.o(.ARM.Collect$$rtentry$$00000009)
    __rt_entry_main                          0x0000016b   Thumb Code     0  __rtentry2.o(.ARM.Collect$$rtentry$$0000000D)
    __rt_entry_postli_1                      0x0000016b   Thumb Code     0  __rtentry2.o(.ARM.Collect$$rtentry$$0000000C)
    __rt_exit                                0x00000173   Thumb Code     0  rtexit.o(.ARM.Collect$$rtexit$$00000000)
    __rt_exit_ls                             0x00000175   Thumb Code     0  rtexit2.o(.ARM.Collect$$rtexit$$00000003)
    __rt_exit_prels_1                        0x00000175   Thumb Code     0  rtexit2.o(.ARM.Collect$$rtexit$$00000002)
    __rt_exit_exit                           0x00000179   Thumb Code     0  rtexit2.o(.ARM.Collect$$rtexit$$00000004)
    Reset_Handler                            0x00000181   Thumb Code     8  startup_mkl05z4.o(.text)
    NMI_Handler                              0x00000189   Thumb Code     2  startup_mkl05z4.o(.text)
    HardFault_Handler                        0x0000018b   Thumb Code     2  startup_mkl05z4.o(.text)
    SVC_Handler                              0x0000018d   Thumb Code     2  startup_mkl05z4.o(.text)
    PendSV_Handler                           0x0000018f   Thumb Code     2  startup_mkl05z4.o(.text)
    SysTick_Handler                          0x00000191   Thumb Code     2  startup_mkl05z4.o(.text)
    ADC0_IRQHandler                          0x00000193   Thumb Code     0  startup_mkl05z4.o(.text)
    CMP0_IRQHandler                          0x00000193   Thumb Code     0  startup_mkl05z4.o(.text)
    DAC0_IRQHandler                          0x00000193   Thumb Code     0  startup_mkl05z4.o(.text)
    DMA0_IRQHandler                          0x00000193   Thumb Code     0  startup_mkl05z4.o(.text)
    DMA1_IRQHandler                          0x00000193   Thumb Code     0  startup_mkl05z4.o(.text)
    DMA2_IRQHandler                          0x00000193   Thumb Code     0  startup_mkl05z4.o(.text)
    DMA3_IRQHandler                          0x00000193   Thumb Code     0  startup_mkl05z4.o(.text)
    DefaultISR                               0x00000193   Thumb Code     0  startup_mkl05z4.o(.text)
    FTFA_IRQHandler                          0x00000193   Thumb Code     0  startup_mkl05z4.o(.text)
    I2C0_IRQHandler                          0x00000193   Thumb Code     0  startup_mkl05z4.o(.text)
    LLW_IRQHandler                           0x00000193   Thumb Code     0  startup_mkl05z4.o(.text)
    LPTimer_IRQHandler                       0x00000193   Thumb Code     0  startup_mkl05z4.o(.text)
    LVD_LVW_IRQHandler                       0x00000193   Thumb Code     0  startup_mkl05z4.o(.text)
    MCG_IRQHandler                           0x00000193   Thumb Code     0  startup_mkl05z4.o(.text)
    PIT_IRQHandler                           0x00000193   Thumb Code     0  startup_mkl05z4.o(.text)
    PORTA_IRQHandler                         0x00000193   Thumb Code     0  startup_mkl05z4.o(.text)
    PORTB_IRQHandler                         0x00000193   Thumb Code     0  startup_mkl05z4.o(.text)
    RTC_IRQHandler                           0x00000193   Thumb Code     0  startup_mkl05z4.o(.text)
    RTC_Seconds_IRQHandler                   0x00000193   Thumb Code     0  startup_mkl05z4.o(.text)
    Reserved20_IRQHandler                    0x00000193   Thumb Code     0  startup_mkl05z4.o(.text)
    Reserved25_IRQHandler                    0x00000193   Thumb Code     0  startup_mkl05z4.o(.text)
    Reserved27_IRQHandler                    0x00000193   Thumb Code     0  startup_mkl05z4.o(.text)
    Reserved29_IRQHandler                    0x00000193   Thumb Code     0  startup_mkl05z4.o(.text)
    Reserved30_IRQHandler                    0x00000193   Thumb Code     0  startup_mkl05z4.o(.text)
    Reserved35_IRQHandler                    0x00000193   Thumb Code     0  startup_mkl05z4.o(.text)
    Reserved39_IRQHandler                    0x00000193   Thumb Code     0  startup_mkl05z4.o(.text)
    Reserved40_IRQHandler                    0x00000193   Thumb Code     0  startup_mkl05z4.o(.text)
    Reserved45_IRQHandler                    0x00000193   Thumb Code     0  startup_mkl05z4.o(.text)
    SPI0_IRQHandler                          0x00000193   Thumb Code     0  startup_mkl05z4.o(.text)
    TPM0_IRQHandler                          0x00000193   Thumb Code     0  startup_mkl05z4.o(.text)
    TPM1_IRQHandler                          0x00000193   Thumb Code     0  startup_mkl05z4.o(.text)
    __user_initial_stackheap                 0x00000195   Thumb Code     0  startup_mkl05z4.o(.text)
    _memset_w                                0x000001b5   Thumb Code    26  rt_memclr.o(.text)
    _memset                                  0x000001cf   Thumb Code    30  rt_memclr.o(.text)
    __aeabi_memclr                           0x000001ed   Thumb Code     4  rt_memclr.o(.text)
    __rt_memclr                              0x000001ed   Thumb Code     0  rt_memclr.o(.text)
    __aeabi_memclr4                          0x000001f1   Thumb Code     0  rt_memclr.o(.text)
    __aeabi_memclr8                          0x000001f1   Thumb Code     0  rt_memclr.o(.text)
    __rt_memclr_w                            0x000001f1   Thumb Code     4  rt_memclr.o(.text)
    __aeabi_uidiv                            0x000001f5   Thumb Code     0  aeabi_sdiv.o(.text)
    __aeabi_uidivmod                         0x000001f5   Thumb Code    20  aeabi_sdiv.o(.text)
    __aeabi_idiv                             0x00000209   Thumb Code     0  aeabi_sdiv.o(.text)
    __aeabi_idivmod                          0x00000209   Thumb Code   338  aeabi_sdiv.o(.text)
    __use_two_region_memory                  0x00000361   Thumb Code     2  heapauxi.o(.text)
    __rt_heap_escrow$2region                 0x00000363   Thumb Code     2  heapauxi.o(.text)
    __rt_heap_expand$2region                 0x00000365   Thumb Code     2  heapauxi.o(.text)
    __user_setup_stackheap                   0x00000367   Thumb Code    62  sys_stackheap_outer.o(.text)
    exit                                     0x000003a5   Thumb Code    16  exit.o(.text)
    __user_libspace                          0x000003b5   Thumb Code     8  libspace.o(.text)
    __user_perproc_libspace                  0x000003b5   Thumb Code     0  libspace.o(.text)
    __user_perthread_libspace                0x000003b5   Thumb Code     0  libspace.o(.text)
    _sys_exit                                0x000003bd   Thumb Code     8  sys_exit.o(.text)
    __I$use$semihosting                      0x000003c9   Thumb Code     0  use_no_semi.o(.text)
    __use_no_semihosting_swi                 0x000003c9   Thumb Code     2  use_no_semi.o(.text)
    UART0_IRQHandler                         0x000003cb   Thumb Code     8  uart.o(.text.UART0_IRQHandler)
    __semihosting_library_function           0x000003cb   Thumb Code     0  indicate_semi.o(.text)
    mb::CommunicationModuleMCU::init()       0x000003d3   Thumb Code    18  communicationmodulemcu.o(.text._ZN2mb22CommunicationModuleMCU4initEv)
    mb::CommunicationModuleMCU::println(char const*) 0x000003e5   Thumb Code    10  communicationmodulemcu.o(.text._ZN2mb22CommunicationModuleMCU7printlnEPKc)
    mb::CommunicationModuleMCU::CommunicationModuleMCU() 0x000003ef   Thumb Code     8  communicationmodulemcu.o(.text._ZN2mb22CommunicationModuleMCUC2Ev)
    mb::CommunicationModuleMCU::CommunicationModuleMCU__sub_object() 0x000003ef   Thumb Code     8  communicationmodulemcu.o(.text._ZN2mb22CommunicationModuleMCUC2Ev)
    SystemCoreClockUpdate                    0x00000411   Thumb Code   148  system_mkl05z4.o(.text.SystemCoreClockUpdate)
    SystemInit                               0x000004b9   Thumb Code    80  system_mkl05z4.o(.text.SystemInit)
    TSI0_IRQHandler                          0x0000051d   Thumb Code    68  boardsupport.o(.text.TSI0_IRQHandler)
    setLedColor(bool, bool, bool)            0x00000561   Thumb Code    60  boardsupport.o(.text._Z11setLedColorbbb)
    self_calibration()                       0x0000059d   Thumb Code   128  boardsupport.o(.text._Z16self_calibrationv)
    ADC_Init()                               0x00000629   Thumb Code   108  boardsupport.o(.text._Z8ADC_Initv)
    LED_init()                               0x0000069d   Thumb Code    40  boardsupport.o(.text._Z8LED_initv)
    TSI_Init()                               0x000006cd   Thumb Code    60  boardsupport.o(.text._Z8TSI_Initv)
    mb::CommunicationModuleMCU::onCharReceived(char) 0x00000721   Thumb Code    44  communicationmodulemcu.o(.text._ZN2mb22CommunicationModuleMCU14onCharReceivedEc)
    mb::Uart::print(char const*)             0x00000751   Thumb Code    20  uart.o(.text._ZN2mb4Uart5printEPKc)
    mb::Uart::println(char const*)           0x00000765   Thumb Code    16  uart.o(.text._ZN2mb4Uart7printlnEPKc)
    mb::Uart::sendChar(char)                 0x00000779   Thumb Code    16  uart.o(.text._ZN2mb4Uart8sendCharEc)
    mb::Uart::handleIRQ()                    0x00000789   Thumb Code    28  uart.o(.text._ZN2mb4Uart9handleIRQEv)
    mb::Uart::Uart(unsigned int, mb::CommunicationModuleMCU*) 0x000007a9   Thumb Code   108  uart.o(.text._ZN2mb4UartC2EjPNS_22CommunicationModuleMCUE)
    mb::Uart::Uart__sub_object(unsigned int, mb::CommunicationModuleMCU*) 0x000007a9   Thumb Code   108  uart.o(.text._ZN2mb4UartC2EjPNS_22CommunicationModuleMCUE)
    I2C::init()                              0x0000082d   Thumb Code    44  boardsupport.o(.text._ZN3I2C4initEv)
    main                                     0x00000865   Thumb Code    64  main.o(.text.main)
    Region$$Table$$Base                      0x000008bc   Number         0  anon$$obj.o(Region$$Table)
    Region$$Table$$Limit                     0x000008dc   Number         0  anon$$obj.o(Region$$Table)
    SystemCoreClock                          0x1ffffc00   Data           4  system_mkl05z4.o(.data.SystemCoreClock)
    __libspace_start                         0x1ffffc08   Data          96  libspace.o(.bss)
    __temporary_stack_top$libspace           0x1ffffc68   Data           0  libspace.o(.bss)
    mb::Uart::g_commObject                   0x1ffffc74   Data           4  uart.o(.bss._ZN2mb4Uart12g_commObjectE)



==============================================================================

Memory Map of the image

  Image Entry point : 0x00000181

  Load Region LR_1 (Base: 0x00000000, Size: 0x000008e0, Max: 0xffffffff, ABSOLUTE)

    Execution Region ER_RO (Exec base: 0x00000000, Load base: 0x00000000, Size: 0x000008dc, Max: 0xffffffff, ABSOLUTE)

    Exec Addr    Load Addr    Size         Type   Attr      Idx    E Section Name        Object

    0x00000000   0x00000000   0x000000c0   Data   RO          113    RESET               startup_mkl05z4.o
    0x000000c0   0x000000c0   0x00000008   Code   RO          146  * !!!main             c_p.l(__main.o)
    0x000000c8   0x000000c8   0x00000054   Code   RO          337    !!!scatter          c_p.l(__scatter.o)
    0x0000011c   0x0000011c   0x0000001a   Code   RO          341    !!handler_copy      c_p.l(__scatter_copy.o)
    0x00000136   0x00000136   0x00000002   PAD
    0x00000138   0x00000138   0x00000002   Code   RO          338    !!handler_null      c_p.l(__scatter.o)
    0x0000013a   0x0000013a   0x00000002   PAD
    0x0000013c   0x0000013c   0x0000001c   Code   RO          343    !!handler_zi        c_p.l(__scatter_zi.o)
    0x00000158   0x00000158   0x00000002   Code   RO          198    .ARM.Collect$$libinit$$00000000  c_p.l(libinit.o)
    0x0000015a   0x0000015a   0x00000000   Code   RO          212    .ARM.Collect$$libinit$$00000002  c_p.l(libinit2.o)
    0x0000015a   0x0000015a   0x00000000   Code   RO          214    .ARM.Collect$$libinit$$00000004  c_p.l(libinit2.o)
    0x0000015a   0x0000015a   0x00000000   Code   RO          216    .ARM.Collect$$libinit$$00000006  c_p.l(libinit2.o)
    0x0000015a   0x0000015a   0x00000000   Code   RO          219    .ARM.Collect$$libinit$$0000000C  c_p.l(libinit2.o)
    0x0000015a   0x0000015a   0x00000000   Code   RO          221    .ARM.Collect$$libinit$$0000000E  c_p.l(libinit2.o)
    0x0000015a   0x0000015a   0x00000000   Code   RO          223    .ARM.Collect$$libinit$$00000010  c_p.l(libinit2.o)
    0x0000015a   0x0000015a   0x00000000   Code   RO          226    .ARM.Collect$$libinit$$00000013  c_p.l(libinit2.o)
    0x0000015a   0x0000015a   0x00000000   Code   RO          228    .ARM.Collect$$libinit$$00000015  c_p.l(libinit2.o)
    0x0000015a   0x0000015a   0x00000000   Code   RO          230    .ARM.Collect$$libinit$$00000017  c_p.l(libinit2.o)
    0x0000015a   0x0000015a   0x00000000   Code   RO          232    .ARM.Collect$$libinit$$00000019  c_p.l(libinit2.o)
    0x0000015a   0x0000015a   0x00000000   Code   RO          234    .ARM.Collect$$libinit$$0000001B  c_p.l(libinit2.o)
    0x0000015a   0x0000015a   0x00000000   Code   RO          236    .ARM.Collect$$libinit$$0000001D  c_p.l(libinit2.o)
    0x0000015a   0x0000015a   0x00000000   Code   RO          238    .ARM.Collect$$libinit$$0000001F  c_p.l(libinit2.o)
    0x0000015a   0x0000015a   0x00000000   Code   RO          240    .ARM.Collect$$libinit$$00000021  c_p.l(libinit2.o)
    0x0000015a   0x0000015a   0x00000000   Code   RO          242    .ARM.Collect$$libinit$$00000023  c_p.l(libinit2.o)
    0x0000015a   0x0000015a   0x00000000   Code   RO          244    .ARM.Collect$$libinit$$00000025  c_p.l(libinit2.o)
    0x0000015a   0x0000015a   0x00000000   Code   RO          246    .ARM.Collect$$libinit$$00000027  c_p.l(libinit2.o)
    0x0000015a   0x0000015a   0x00000000   Code   RO          250    .ARM.Collect$$libinit$$0000002E  c_p.l(libinit2.o)
    0x0000015a   0x0000015a   0x00000000   Code   RO          252    .ARM.Collect$$libinit$$00000030  c_p.l(libinit2.o)
    0x0000015a   0x0000015a   0x00000000   Code   RO          254    .ARM.Collect$$libinit$$00000032  c_p.l(libinit2.o)
    0x0000015a   0x0000015a   0x00000000   Code   RO          256    .ARM.Collect$$libinit$$00000034  c_p.l(libinit2.o)
    0x0000015a   0x0000015a   0x00000002   Code   RO          257    .ARM.Collect$$libinit$$00000035  c_p.l(libinit2.o)
    0x0000015c   0x0000015c   0x00000002   Code   RO          292    .ARM.Collect$$libshutdown$$00000000  c_p.l(libshutdown.o)
    0x0000015e   0x0000015e   0x00000000   Code   RO          320    .ARM.Collect$$libshutdown$$00000002  c_p.l(libshutdown2.o)
    0x0000015e   0x0000015e   0x00000000   Code   RO          322    .ARM.Collect$$libshutdown$$00000004  c_p.l(libshutdown2.o)
    0x0000015e   0x0000015e   0x00000000   Code   RO          325    .ARM.Collect$$libshutdown$$00000007  c_p.l(libshutdown2.o)
    0x0000015e   0x0000015e   0x00000000   Code   RO          328    .ARM.Collect$$libshutdown$$0000000A  c_p.l(libshutdown2.o)
    0x0000015e   0x0000015e   0x00000000   Code   RO          330    .ARM.Collect$$libshutdown$$0000000C  c_p.l(libshutdown2.o)
    0x0000015e   0x0000015e   0x00000000   Code   RO          333    .ARM.Collect$$libshutdown$$0000000F  c_p.l(libshutdown2.o)
    0x0000015e   0x0000015e   0x00000002   Code   RO          334    .ARM.Collect$$libshutdown$$00000010  c_p.l(libshutdown2.o)
    0x00000160   0x00000160   0x00000000   Code   RO          161    .ARM.Collect$$rtentry$$00000000  c_p.l(__rtentry.o)
    0x00000160   0x00000160   0x00000000   Code   RO          168    .ARM.Collect$$rtentry$$00000002  c_p.l(__rtentry2.o)
    0x00000160   0x00000160   0x00000006   Code   RO          180    .ARM.Collect$$rtentry$$00000004  c_p.l(__rtentry4.o)
    0x00000166   0x00000166   0x00000000   Code   RO          170    .ARM.Collect$$rtentry$$00000009  c_p.l(__rtentry2.o)
    0x00000166   0x00000166   0x00000004   Code   RO          171    .ARM.Collect$$rtentry$$0000000A  c_p.l(__rtentry2.o)
    0x0000016a   0x0000016a   0x00000000   Code   RO          173    .ARM.Collect$$rtentry$$0000000C  c_p.l(__rtentry2.o)
    0x0000016a   0x0000016a   0x00000008   Code   RO          174    .ARM.Collect$$rtentry$$0000000D  c_p.l(__rtentry2.o)
    0x00000172   0x00000172   0x00000002   Code   RO          203    .ARM.Collect$$rtexit$$00000000  c_p.l(rtexit.o)
    0x00000174   0x00000174   0x00000000   Code   RO          263    .ARM.Collect$$rtexit$$00000002  c_p.l(rtexit2.o)
    0x00000174   0x00000174   0x00000004   Code   RO          264    .ARM.Collect$$rtexit$$00000003  c_p.l(rtexit2.o)
    0x00000178   0x00000178   0x00000006   Code   RO          265    .ARM.Collect$$rtexit$$00000004  c_p.l(rtexit2.o)
    0x0000017e   0x0000017e   0x00000002   PAD
    0x00000180   0x00000180   0x00000034   Code   RO          115  * .text               startup_mkl05z4.o
    0x000001b4   0x000001b4   0x00000040   Code   RO          138    .text               c_p.l(rt_memclr.o)
    0x000001f4   0x000001f4   0x0000016c   Code   RO          140    .text               c_p.l(aeabi_sdiv.o)
    0x00000360   0x00000360   0x00000006   Code   RO          144    .text               c_p.l(heapauxi.o)
    0x00000366   0x00000366   0x0000003e   Code   RO          184    .text               c_p.l(sys_stackheap_outer.o)
    0x000003a4   0x000003a4   0x00000010   Code   RO          187    .text               c_p.l(exit.o)
    0x000003b4   0x000003b4   0x00000008   Code   RO          199    .text               c_p.l(libspace.o)
    0x000003bc   0x000003bc   0x0000000c   Code   RO          258    .text               c_p.l(sys_exit.o)
    0x000003c8   0x000003c8   0x00000002   Code   RO          281    .text               c_p.l(use_no_semi.o)
    0x000003ca   0x000003ca   0x00000000   Code   RO          283    .text               c_p.l(indicate_semi.o)
    0x000003ca   0x000003ca   0x00000008   Code   RO           11    .text.UART0_IRQHandler  uart.o
    0x000003d2   0x000003d2   0x00000012   Code   RO           78    .text._ZN2mb22CommunicationModuleMCU4initEv  communicationmodulemcu.o
    0x000003e4   0x000003e4   0x0000000a   Code   RO           82    .text._ZN2mb22CommunicationModuleMCU7printlnEPKc  communicationmodulemcu.o
    0x000003ee   0x000003ee   0x00000008   Code   RO           76    .text._ZN2mb22CommunicationModuleMCUC2Ev  communicationmodulemcu.o
    0x000003f6   0x000003f6   0x00000002   Data   RO           66    .rodata._ZL10elec_array  boardsupport.o
    0x000003f8   0x000003f8   0x00000008   PAD
    0x00000400   0x00000400   0x00000010   Code   RO          114    .ARM.__at_0x400     startup_mkl05z4.o
    0x00000410   0x00000410   0x000000a8   Code   RO          126    .text.SystemCoreClockUpdate  system_mkl05z4.o
    0x000004b8   0x000004b8   0x00000064   Code   RO          124    .text.SystemInit    system_mkl05z4.o
    0x0000051c   0x0000051c   0x00000044   Code   RO           64    .text.TSI0_IRQHandler  boardsupport.o
    0x00000560   0x00000560   0x0000003c   Code   RO           46    .text._Z11setLedColorbbb  boardsupport.o
    0x0000059c   0x0000059c   0x0000008c   Code   RO           58    .text._Z16self_calibrationv  boardsupport.o
    0x00000628   0x00000628   0x00000074   Code   RO           38    .text._Z8ADC_Initv  boardsupport.o
    0x0000069c   0x0000069c   0x00000030   Code   RO           44    .text._Z8LED_initv  boardsupport.o
    0x000006cc   0x000006cc   0x00000054   Code   RO           60    .text._Z8TSI_Initv  boardsupport.o
    0x00000720   0x00000720   0x00000030   Code   RO           86    .text._ZN2mb22CommunicationModuleMCU14onCharReceivedEc  communicationmodulemcu.o
    0x00000750   0x00000750   0x00000014   Code   RO           23    .text._ZN2mb4Uart5printEPKc  uart.o
    0x00000764   0x00000764   0x00000014   Code   RO           27    .text._ZN2mb4Uart7printlnEPKc  uart.o
    0x00000778   0x00000778   0x00000010   Code   RO           25    .text._ZN2mb4Uart8sendCharEc  uart.o
    0x00000788   0x00000788   0x00000020   Code   RO           13    .text._ZN2mb4Uart9handleIRQEv  uart.o
    0x000007a8   0x000007a8   0x00000084   Code   RO           17    .text._ZN2mb4UartC2EjPNS_22CommunicationModuleMCUE  uart.o
    0x0000082c   0x0000082c   0x00000038   Code   RO           48    .text._ZN3I2C4initEv  boardsupport.o
    0x00000864   0x00000864   0x00000058   Code   RO            2    .text.main          main.o
    0x000008bc   0x000008bc   0x00000020   Data   RO          336    Region$$Table       anon$$obj.o


    Execution Region ER_RW (Exec base: 0x1ffffc00, Load base: 0x000008dc, Size: 0x00000004, Max: 0xffffffff, ABSOLUTE)

    Exec Addr    Load Addr    Size         Type   Attr      Idx    E Section Name        Object

    0x1ffffc00   0x000008dc   0x00000004   Data   RW          128    .data.SystemCoreClock  system_mkl05z4.o


    Execution Region ER_ZI (Exec base: 0x1ffffc08, Load base: 0x000008e0, Size: 0x00000478, Max: 0xffffffff, ABSOLUTE)

    Exec Addr    Load Addr    Size         Type   Attr      Idx    E Section Name        Object

    0x1ffffc08        -       0x00000060   Zero   RW          200    .bss                c_p.l(libspace.o)
    0x1ffffc68        -       0x0000000a   Zero   RW           67    .bss..L_MergedGlobals  boardsupport.o
    0x1ffffc72   0x000008e0   0x00000002   PAD
    0x1ffffc74        -       0x00000004   Zero   RW           29    .bss._ZN2mb4Uart12g_commObjectE  uart.o
    0x1ffffc78        -       0x00000004   Zero   RW           88    .bss._ZZN2mb22CommunicationModuleMCU14onCharReceivedEcE3idx  communicationmodulemcu.o
    0x1ffffc7c   0x000008e0   0x00000004   PAD
    0x1ffffc80        -       0x00000000   Zero   RW          112    HEAP                startup_mkl05z4.o
    0x1ffffc80        -       0x00000400   Zero   RW          111    STACK               startup_mkl05z4.o


==============================================================================

Image component sizes


      Code (inc. data)   RO Data    RW Data    ZI Data      Debug   Object Name

       572         64          2          0         10      10991   boardsupport.o
        84          4          0          0          4       9677   communicationmodulemcu.o
        88         24          0          0          0       8064   main.o
        68         38        192          0       1024       1028   startup_mkl05z4.o
       268         48          0          4          0       2539   system_mkl05z4.o
       228         32          0          0          4       9350   uart.o

    ----------------------------------------------------------------------
      1308        210        234          4       1048      41649   Object Totals
         0          0         32          0          0          0   (incl. Generated)
         0          0          8          0          6          0   (incl. Padding)

    ----------------------------------------------------------------------

      Code (inc. data)   RO Data    RW Data    ZI Data      Debug   Library Member Name

         8          0          0          0          0         68   __main.o
         0          0          0          0          0          0   __rtentry.o
        12          0          0          0          0          0   __rtentry2.o
         6          0          0          0          0          0   __rtentry4.o
        86         10          0          0          0          0   __scatter.o
        26          0          0          0          0          0   __scatter_copy.o
        28          0          0          0          0          0   __scatter_zi.o
       364          4          0          0          0         92   aeabi_sdiv.o
        16          0          0          0          0         68   exit.o
         6          0          0          0          0        136   heapauxi.o
         0          0          0          0          0          0   indicate_semi.o
         2          0          0          0          0          0   libinit.o
         2          0          0          0          0          0   libinit2.o
         2          0          0          0          0          0   libshutdown.o
         2          0          0          0          0          0   libshutdown2.o
         8          4          0          0         96         68   libspace.o
        64          0          0          0          0        108   rt_memclr.o
         2          0          0          0          0          0   rtexit.o
        10          0          0          0          0          0   rtexit2.o
        12          4          0          0          0         60   sys_exit.o
        62          0          0          0          0         80   sys_stackheap_outer.o
         2          0          0          0          0         68   use_no_semi.o

    ----------------------------------------------------------------------
       726         22          0          0         96        748   Library Totals
         6          0          0          0          0          0   (incl. Padding)

    ----------------------------------------------------------------------

      Code (inc. data)   RO Data    RW Data    ZI Data      Debug   Library Name

       720         22          0          0         96        748   c_p.l

    ----------------------------------------------------------------------
       726         22          0          0         96        748   Library Totals

    ----------------------------------------------------------------------

==============================================================================


      Code (inc. data)   RO Data    RW Data    ZI Data      Debug   

      2034        232        234          4       1144      42197   Grand Totals
      2034        232        234          4       1144      42197   ELF Image Totals
      2034        232        234          4          0          0   ROM Totals

==============================================================================

    Total RO  Size (Code + RO Data)                 2268 (   2.21kB)
    Total RW  Size (RW Data + ZI Data)              1148 (   1.12kB)
    Total ROM Size (Code + RO Data + RW Data)       2272 (   2.22kB)

==============================================================================

